/home/akshat-dubey/Documents/website/backend/venv/bin/python: No module named pytest
